// Jest Snapshot v1, https://goo.gl/fbAQLP

exports[`renders correctly 1`] = `
<div
  className="app-container"
>
  <div
    className="repo-container"
  >
    <ul
      style={
        Object {
          "listStyle": "none",
        }
      }
    />
  </div>
</div>
`;
